&&&& RUNNING TensorRT.trtexec [TensorRT v101602] [b10] # trtexec --onnx=/home/orinnx/resnet18.onnx --useDLACore=0 --int8 --allowGPUFallback --saveEngine=/home/orinnx/resnet18_dla.engine
[08/11/2026-01:12:26] [W] Weakly-typed networks have been deprecated in TensorRT. You can use the AutoCast tool (https://nvidia.github.io/TensorRT-Model-Optimizer/guides/8_autocast.html) to convert the network to be strongly typed.
[08/11/2026-01:12:26] [I] === Model Options ===
[08/11/2026-01:12:26] [I] Format: ONNX
[08/11/2026-01:12:26] [I] Model: /home/orinnx/resnet18.onnx
[08/11/2026-01:12:26] [I] Output:
[08/11/2026-01:12:26] [I] === Build Options ===
[08/11/2026-01:12:26] [I] Memory Pools: workspace: default, dlaSRAM: default, dlaLocalDRAM: default, dlaGlobalDRAM: default, tacticSharedMem: default
[08/11/2026-01:12:26] [I] avgTiming: 8
[08/11/2026-01:12:26] [I] Precision: FP32+INT8
[08/11/2026-01:12:26] [I] LayerPrecisions: 
[08/11/2026-01:12:26] [I] Layer Device Types: 
[08/11/2026-01:12:26] [I] Decomposable Attentions: 
[08/11/2026-01:12:26] [I] Calibration: Dynamic
[08/11/2026-01:12:26] [I] Refit: Disabled
[08/11/2026-01:12:26] [I] Strip weights: Disabled
[08/11/2026-01:12:26] [I] Version Compatible: Disabled
[08/11/2026-01:12:26] [I] ONNX Plugin InstanceNorm: Disabled
[08/11/2026-01:12:26] [I] ONNX kENABLE_UINT8_AND_ASYMMETRIC_QUANTIZATION_DLA flag: Disabled
[08/11/2026-01:12:26] [I] ONNX kREPORT_CAPABILITY_DLA flag: Disabled
[08/11/2026-01:12:26] [I] ONNX kADJUST_FOR_DLA flag: Disabled
[08/11/2026-01:12:26] [I] ONNX kENABLE_PLUGIN_OVERRIDE flag: Disabled
[08/11/2026-01:12:26] [I] TensorRT runtime: full
[08/11/2026-01:12:26] [I] Lean DLL Path: 
[08/11/2026-01:12:26] [I] Tempfile Controls: { in_memory: allow, temporary: allow }
[08/11/2026-01:12:26] [I] Exclude Lean Runtime: Disabled
[08/11/2026-01:12:26] [I] Sparsity: Disabled
[08/11/2026-01:12:26] [I] Safe mode: Disabled
[08/11/2026-01:12:26] [I] Build DLA standalone loadable: Disabled
[08/11/2026-01:12:26] [I] Allow GPU fallback for DLA: Enabled
[08/11/2026-01:12:26] [I] DirectIO mode: Disabled
[08/11/2026-01:12:26] [I] Restricted mode: Disabled
[08/11/2026-01:12:26] [I] Skip inference: Disabled
[08/11/2026-01:12:26] [I] Save engine: /home/orinnx/resnet18_dla.engine
[08/11/2026-01:12:26] [I] Load engine: 
[08/11/2026-01:12:26] [I] Profiling verbosity: 0
[08/11/2026-01:12:26] [I] Tactic sources: Using default tactic sources
[08/11/2026-01:12:26] [I] timingCacheMode: local
[08/11/2026-01:12:26] [I] timingCacheFile: 
[08/11/2026-01:12:26] [I] Enable Compilation Cache: Enabled
[08/11/2026-01:12:26] [I] Enable Monitor Memory: Disabled
[08/11/2026-01:12:26] [I] CPU Only Mode: Disabled
[08/11/2026-01:12:26] [I] errorOnTimingCacheMiss: Disabled
[08/11/2026-01:12:26] [I] Preview Features: Use default preview flags.
[08/11/2026-01:12:26] [I] MaxAuxStreams: -1
[08/11/2026-01:12:26] [I] BuilderOptimizationLevel: -1
[08/11/2026-01:12:26] [I] MaxTactics: -1
[08/11/2026-01:12:26] [I] Calibration Profile Index: 0
[08/11/2026-01:12:26] [I] Weight Streaming: Disabled
[08/11/2026-01:12:26] [I] Runtime Platform: Same As Build
[08/11/2026-01:12:26] [I] Debug Tensors: 
[08/11/2026-01:12:26] [I] Distributive Independence: Disabled
[08/11/2026-01:12:26] [I] Mark Unfused Tensors As Debug Tensors: Disabled
[08/11/2026-01:12:26] [I] Input(s)s format: fp32:CHW
[08/11/2026-01:12:26] [I] Output(s)s format: fp32:CHW
[08/11/2026-01:12:26] [I] Input build shapes: model
[08/11/2026-01:12:26] [I] Input calibration shapes: model
[08/11/2026-01:12:26] [I] === System Options ===
[08/11/2026-01:12:26] [I] Device: 0
[08/11/2026-01:12:26] [I] DLACore: 0
[08/11/2026-01:12:26] [I] Loaded static plugins:
[08/11/2026-01:12:26] [I] setPluginsToSerialize:
[08/11/2026-01:12:26] [I] dynamicPlugins:
[08/11/2026-01:12:26] [I] ignoreParsedPluginLibs: 0
[08/11/2026-01:12:26] [I] 
[08/11/2026-01:12:26] [I] === Inference Options ===
[08/11/2026-01:12:26] [I] Batch: Explicit
[08/11/2026-01:12:26] [I] Input inference shapes: model
[08/11/2026-01:12:26] [I] Iterations: 10
[08/11/2026-01:12:26] [I] Duration: 3s (+ 200ms warm up)
[08/11/2026-01:12:26] [I] Sleep time: 0ms
[08/11/2026-01:12:26] [I] Idle time: 0ms
[08/11/2026-01:12:26] [I] Inference Streams: 1
[08/11/2026-01:12:26] [I] ExposeDMA: Disabled
[08/11/2026-01:12:26] [I] Data transfers: Enabled
[08/11/2026-01:12:26] [I] Spin-wait: Disabled
[08/11/2026-01:12:26] [I] Multithreading: Disabled
[08/11/2026-01:12:26] [I] CUDA Graph: Disabled
[08/11/2026-01:12:26] [I] Separate profiling: Disabled
[08/11/2026-01:12:26] [I] Time Deserialize: Disabled
[08/11/2026-01:12:26] [I] Time Refit: Disabled
[08/11/2026-01:12:26] [I] NVTX verbosity: 0
[08/11/2026-01:12:26] [I] Persistent Cache Ratio: 0
[08/11/2026-01:12:26] [I] Optimization Profile Index: 0
[08/11/2026-01:12:26] [I] Weight Streaming Budget: 100.000000%
[08/11/2026-01:12:26] [I] Inputs:
[08/11/2026-01:12:26] [I] Debug Tensor Save Destinations:
[08/11/2026-01:12:26] [I] Dump All Debug Tensor in Formats: 
[08/11/2026-01:12:26] [I] === Reporting Options ===
[08/11/2026-01:12:26] [I] Verbose: Disabled
[08/11/2026-01:12:26] [I] Averages: 10 inferences
[08/11/2026-01:12:26] [I] Percentiles: 90,95,99
[08/11/2026-01:12:26] [I] Dump refittable layers:Disabled
[08/11/2026-01:12:26] [I] Dump output: Disabled
[08/11/2026-01:12:26] [I] Profile: Disabled
[08/11/2026-01:12:26] [I] Export timing to JSON file: 
[08/11/2026-01:12:26] [I] Export output to JSON file: 
[08/11/2026-01:12:26] [I] Export profile to JSON file: 
[08/11/2026-01:12:26] [I] 
[08/11/2026-01:12:26] [I] === Device Information ===
[08/11/2026-01:12:26] [I] Available Devices: 
[08/11/2026-01:12:26] [I]   Device 0: "Orin" UUID: GPU-7d504127-7d7e-53c0-8c92-c8946f5ac32a
[08/11/2026-01:12:27] [I] Selected Device: Orin
[08/11/2026-01:12:27] [I] Selected Device ID: 0
[08/11/2026-01:12:27] [I] Selected Device UUID: GPU-7d504127-7d7e-53c0-8c92-c8946f5ac32a
[08/11/2026-01:12:27] [I] Compute Capability: 8.7
[08/11/2026-01:12:27] [I] SMs: 8
[08/11/2026-01:12:27] [I] Device Global Memory: 15598 MiB
[08/11/2026-01:12:27] [I] Shared Memory per SM: 164 KiB
[08/11/2026-01:12:27] [I] Memory Bus Width: 256 bits (ECC disabled)
[08/11/2026-01:12:27] [I] Application Compute Clock Rate: 1.173 GHz
[08/11/2026-01:12:27] [I] Application Memory Clock Rate: 1.173 GHz
[08/11/2026-01:12:27] [I] 
[08/11/2026-01:12:27] [I] Note: The application clock rates do not reflect the actual clock rates that the GPU is currently running at.
[08/11/2026-01:12:27] [I] 
[08/11/2026-01:12:27] [I] TensorRT version: 10.16.2
[08/11/2026-01:12:27] [I] Loading standard plugins
[08/11/2026-01:12:27] [I] [TRT] [MemUsageChange] Init CUDA: CPU +0, GPU +0, now: CPU 24, GPU 4108 (MiB)
[08/11/2026-01:12:27] [I] Start parsing network model.
[08/11/2026-01:12:27] [I] [TRT] ----------------------------------------------------------------
[08/11/2026-01:12:27] [I] [TRT] Input filename:   /home/orinnx/resnet18.onnx
[08/11/2026-01:12:27] [I] [TRT] ONNX IR version:  0.0.3
[08/11/2026-01:12:27] [I] [TRT] Opset version:    7
[08/11/2026-01:12:27] [I] [TRT] Producer name:    
[08/11/2026-01:12:27] [I] [TRT] Producer version: 
[08/11/2026-01:12:27] [I] [TRT] Domain:           
[08/11/2026-01:12:27] [I] [TRT] Model version:    0
[08/11/2026-01:12:27] [I] [TRT] Doc string:       
[08/11/2026-01:12:27] [I] [TRT] ----------------------------------------------------------------
[08/11/2026-01:12:27] [I] Finished parsing network model. Parse time: 0.0660734
[08/11/2026-01:12:27] [I] Set shape of input tensor data for optimization profile 0 to: MIN=1x3x224x224 OPT=1x3x224x224 MAX=1x3x224x224
[08/11/2026-01:12:27] [I] FP32 and INT8 precisions have been specified - more performance might be enabled by additionally specifying --fp16 or --best
&&&& FAILED TensorRT.trtexec [TensorRT v101602] [b10] # trtexec --onnx=/home/orinnx/resnet18.onnx --useDLACore=0 --int8 --allowGPUFallback --saveEngine=/home/orinnx/resnet18_dla.engine
[08/11/2026-01:12:27] [W] Dynamic dimensions required for input: data, but no shapes were provided. Automatically overriding shape to: 1x3x224x224
[08/11/2026-01:12:27] [E] Cannot create DLA engine, 0 not available
[08/11/2026-01:12:27] [E] Network And Config setup failed
[08/11/2026-01:12:27] [E] Building engine failed
[08/11/2026-01:12:27] [E] Failed to create engine from model or file.
[08/11/2026-01:12:27] [E] Engine set up failed
