[sudo] password for orinnx: Reading package lists...
Building dependency tree...
Reading state information...
The following packages were automatically installed and are no longer required:
  apg aptdaemon aptdaemon-data bogl-bterm bolt dctrl-tools distro-info
  dpkg-repack evince-common evolution-data-server-common fonts-opensymbol
  geoclue-2.0 geocode-glib-common gir1.2-accountsservice-1.0 gir1.2-adw-1
  gir1.2-gck-2 gir1.2-gcr-4 gir1.2-gdesktopenums-3.0 gir1.2-gdm-1.0
  gir1.2-geoclue-2.0 gir1.2-gnomeautoar-0.1 gir1.2-graphene-1.0 gir1.2-gtk-4.0
  gir1.2-gweather-4.0 gir1.2-handy-1 gir1.2-javascriptcoregtk-4.1
  gir1.2-javascriptcoregtk-6.0 gir1.2-json-1.0 gir1.2-nm-1.0 gir1.2-nma-1.0
  gir1.2-nma4-1.0 gir1.2-notify-0.7 gir1.2-polkit-1.0 gir1.2-rsvg-2.0
  gir1.2-snapd-2 gir1.2-soup-3.0 gir1.2-timezonemap-1.0
  gir1.2-totemplparser-1.0 gir1.2-upowerglib-1.0 gir1.2-vte-2.91
  gir1.2-webkit-6.0 gir1.2-webkit2-4.1 gjs gnome-keyring-pkcs11
  grilo-plugins-0.3-base grub-common gstreamer1.0-gtk3 gstreamer1.0-libcamera
  gstreamer1.0-pipewire gtk2-engines-murrine gtk2-engines-pixbuf
  iio-sensor-proxy jq libabsl20220623t64 libabw-0.1-1 libaccountsservice0
  libboost-locale1.83.0 libcamel-1.2-64t64 libcamera0.2 libcanberra-gtk3-0t64
  libcanberra-gtk3-module libcdr-0.1-1 libclucene-contribs1t64
  libclucene-core1t64 libcolamd3 libcolord-gtk4-1t64 libcolorhug2 libcue2
  libdebian-installer4 libdee-1.0-4 libdjvulibre-text libdjvulibre21
  libe-book-0.1-1 libebackend-1.2-11t64 libebook-1.2-21t64
  libebook-contacts-1.2-4t64 libecal-2.0-3 libedata-book-1.2-27t64
  libedata-cal-2.0-2t64 libedataserver-1.2-27t64 libedataserverui-1.2-4t64
  libedataserverui4-1.0-0t64 libeditorconfig0 libei1 libeis1 libeot0
  libepubgen-0.1-1 libetonyek-0.1-1 libevdocument3-4t64 libevview3-3t64
  libexempi8 libexttextcat-2.0-0 libexttextcat-data libflashrom1
  libfreehand-0.1-1 libfreerdp-server3-3 libftdi1-2 libfwupd2 libfwupd3
  libgdm1 libgeoclue-2-0 libgeocode-glib-2-0 libgjs0g libgnome-autoar-0-0
  libgnome-bluetooth-ui-3.0-13 libgnomekbd-common libgoa-backend-1.0-2
  libgom-1.0-0t64 libgpgmepp6t64 libgsf-1-114 libgsf-1-common libgsound0t64
  libgspell-1-2 libgspell-1-common libgtksourceview-5-0
  libgtksourceview-5-common libgtop-2.0-11 libgtop2-common libgupnp-av-1.0-3
  libgupnp-dlna-2.0-4 libgweather-4-0t64 libgweather-4-common libgxps2t64
  libjavascriptcoregtk-6.0-1 libjcat1 libjq1 libkpathsea6 liblangtag-common
  liblangtag1 liblttng-ust-common1t64 liblttng-ust-ctl5t64 liblttng-ust1t64
  libmalcontent-0-0 libmediaart-2.0-0 libmhash2 libmozjs-115-0t64
  libmspub-0.1-1 libmwaw-0.3-3 libmythes-1.2-0 libodfgen-0.1-1 libonig5
  liborcus-0.18-0 liborcus-parser-0.18-0 libpagemaker-0.0-0
  libparted-fs-resize0t64 libphonenumber8 libportal-gtk4-1 libprotobuf-c1
  libpulse-mainloop-glib0 librasqal3t64 librdf0t64 librest-1.0-0
  librevenge-0.0-0 librygel-core-2.8-0 librygel-db-2.8-0
  librygel-renderer-2.8-0 librygel-server-2.8-0 libsuitesparseconfig7
  libsynctex2 libsysmetrics1 libtimezonemap-data libtimezonemap1
  libtracker-sparql-3.0-0 libunity-protocol-private0
  libunity-scopes-json-def-desktop libunity9 libuno-cppu3t64
  libuno-cppuhelpergcc3-3t64 libuno-purpenvhelpergcc3-3t64 libuno-sal3t64
  libuno-salhelpergcc3-3t64 libupower-glib3 libvisio-0.1-1 libwebkitgtk-6.0-4
  libwoff1 libwpd-0.10-10 libwpg-0.3-3 libwps-0.4-4 libxcb-damage0 libxcb-res0
  libxcb-xv0 libxcvt0 libxfont2 libxkbregistry0 libxmlsec1t64
  libxmlsec1t64-nss libxxf86dga1 lp-solve mobile-broadband-provider-info
  mutter-common mutter-common-bin nautilus-data network-manager-gnome
  os-prober p11-kit p11-kit-modules policykit-1-gnome python3-aptdaemon
  python3-aptdaemon.gtk3widgets python3-cups python3-cupshelpers
  python3-debian python3-defer python3-distro-info python3-distupgrade
  python3-icu python3-pam python3-update-manager rdate rygel sbsigntool
  secureboot-db system-config-printer-common system-config-printer-udev tecla
  totem-common tracker tracker-extract tracker-miner-fs tzdata-legacy
  ubiquity-casper ubiquity-ubuntu-artwork ubuntu-pro-client
  ubuntu-pro-client-l10n ubuntu-release-upgrader-core uno-libs-private
  update-manager-core update-notifier-common upower ure xcvt xfonts-base
  xfonts-scalable xinput xorg-docs-core
Use 'sudo apt autoremove' to remove them.
The following additional packages will be installed:
  policykit-1-gnome
The following packages will be REMOVED:
  accountsservice* colord* colord-data* eog* evince* evolution-data-server*
  firefox* fwupd* fwupd-signed* gdm3* gir1.2-gnomebg-4.0*
  gir1.2-gnomebluetooth-3.0* gir1.2-gnomedesktop-3.0* gir1.2-gnomedesktop-4.0*
  gir1.2-mutter-14* gir1.2-totem-1.0* gir1.2-xkl-1.0* gkbd-capplet*
  gnome-accessibility-themes* gnome-bluetooth-3-common*
  gnome-bluetooth-sendto* gnome-calculator* gnome-calendar* gnome-characters*
  gnome-clocks* gnome-control-center* gnome-control-center-data*
  gnome-control-center-faces* gnome-desktop3-data* gnome-disk-utility*
  gnome-font-viewer* gnome-initial-setup* gnome-keyring* gnome-logs*
  gnome-menus* gnome-online-accounts* gnome-power-manager*
  gnome-remote-desktop* gnome-screenshot* gnome-session-bin*
  gnome-session-canberra* gnome-session-common* gnome-settings-daemon*
  gnome-settings-daemon-common* gnome-shell* gnome-shell-common*
  gnome-shell-extension-appindicator* gnome-shell-extension-desktop-icons-ng*
  gnome-shell-extension-ubuntu-dock*
  gnome-shell-extension-ubuntu-tiling-assistant* gnome-snapshot*
  gnome-software* gnome-software-common* gnome-software-plugin-snap*
  gnome-startup-applications* gnome-system-monitor* gnome-terminal*
  gnome-terminal-data* gnome-text-editor* gnome-themes-extra*
  gnome-themes-extra-data* gnome-user-docs* language-selector-common*
  language-selector-gnome* libgnome-bg-4-2t64* libgnome-bluetooth-3.0-13*
  libgnome-desktop-3-20t64* libgnome-desktop-4-2t64* libgnome-rr-4-2t64*
  libgnomekbd8* libmutter-14-0* libreoffice-base-core* libreoffice-calc*
  libreoffice-common* libreoffice-core* libreoffice-draw* libreoffice-gnome*
  libreoffice-gtk3* libreoffice-impress* libreoffice-math*
  libreoffice-style-colibre* libreoffice-style-elementary*
  libreoffice-style-yaru* libreoffice-uiconfig-calc*
  libreoffice-uiconfig-common* libreoffice-uiconfig-draw*
  libreoffice-uiconfig-impress* libreoffice-uiconfig-math*
  libreoffice-uiconfig-writer* libreoffice-writer* libtotem0* libxklavier16*
  nautilus* nautilus-extension-gnome-terminal* oem-config* oem-config-gtk*
  power-profiles-daemon* python3-uno* seahorse* snapd*
  software-properties-gtk* switcheroo-control* thunderbird* totem*
  totem-plugins* ubiquity* ubiquity-frontend-debconf* ubiquity-frontend-gtk*
  ubuntu-advantage-desktop-daemon* ubuntu-session* ubuntu-settings* x11-apps*
  x11-session-utils* x11-utils* x11-xkb-utils* x11-xserver-utils*
  xdg-desktop-portal-gnome* xorg* xserver-common* xserver-xephyr*
  xserver-xorg* xserver-xorg-core* xserver-xorg-input-all*
  xserver-xorg-input-libinput* xserver-xorg-input-wacom* xserver-xorg-legacy*
  xserver-xorg-video-all* xserver-xorg-video-amdgpu* xserver-xorg-video-ati*
  xserver-xorg-video-fbdev* xserver-xorg-video-nouveau*
  xserver-xorg-video-radeon* xserver-xorg-video-vesa* xwayland*
  yaru-theme-gtk*
The following NEW packages will be installed:
  policykit-1-gnome
0 upgraded, 1 newly installed, 135 to remove and 0 not upgraded.
Purg gnome-control-center [1:46.7-0ubuntu0.24.04.5]
Purg gdm3 [46.2-1ubuntu1~24.04.9]
Purg accountsservice [23.13.9-2ubuntu6.1] [language-selector-common:arm64 ]
Purg colord [1.4.7-1build2] [language-selector-common:arm64 ]
Purg colord-data [1.4.7-1build2] [language-selector-common:arm64 ]
Purg eog [45.3-1ubuntu2] [language-selector-common:arm64 ]
Purg evince [46.3.1-0ubuntu1.1] [language-selector-common:arm64 ]
Purg evolution-data-server [3.52.3-0ubuntu1.2] [language-selector-common:arm64 ]
Purg firefox [1:1snap1-0ubuntu5] [language-selector-common:arm64 ]
Purg fwupd [2.0.20-1ubuntu2~24.04.2] [language-selector-common:arm64 ]
Purg fwupd-signed [1.52+1.4-1] [language-selector-common:arm64 ]
Purg gnome-shell-extension-ubuntu-tiling-assistant [46-1ubuntu1.1] [language-selector-common:arm64 ]
Inst policykit-1-gnome (0.105-7ubuntu5 Ubuntu:24.04/noble [arm64]) [language-selector-common:arm64 ]
Purg gnome-shell-extension-ubuntu-dock [90ubuntu3] [language-selector-common:arm64 ]
Purg gnome-shell [46.0-0ubuntu6~24.04.14] [language-selector-common:arm64 gnome-shell-extension-desktop-icons-ng:arm64 gnome-shell-extension-appindicator:arm64 ubuntu-session:arm64 ubiquity-frontend-gtk:arm64 ]
Purg gir1.2-gnomebg-4.0 [44.0-5build2] [language-selector-common:arm64 gnome-shell-extension-desktop-icons-ng:arm64 gnome-shell-extension-appindicator:arm64 ubuntu-session:arm64 ubiquity-frontend-gtk:arm64 ]
Purg gir1.2-gnomebluetooth-3.0 [46.0-1ubuntu1] [language-selector-common:arm64 gnome-shell-extension-desktop-icons-ng:arm64 gnome-shell-extension-appindicator:arm64 ubuntu-session:arm64 ubiquity-frontend-gtk:arm64 ]
Purg gnome-shell-extension-desktop-icons-ng [46+really47.0.9-1ubuntu5] [language-selector-common:arm64 gnome-shell-extension-appindicator:arm64 ubuntu-session:arm64 ubiquity-frontend-gtk:arm64 ]
Purg gir1.2-gnomedesktop-3.0 [44.0-5build2] [language-selector-common:arm64 gnome-shell-extension-appindicator:arm64 ubuntu-session:arm64 ubiquity-frontend-gtk:arm64 ]
Purg gnome-characters [46.0-1build1] [language-selector-common:arm64 gnome-shell-extension-appindicator:arm64 ubuntu-session:arm64 ubiquity-frontend-gtk:arm64 ]
Purg gir1.2-gnomedesktop-4.0 [44.0-5build2] [language-selector-common:arm64 gnome-shell-extension-appindicator:arm64 ubuntu-session:arm64 ubiquity-frontend-gtk:arm64 ]
Purg gir1.2-mutter-14 [46.2-1ubuntu0.24.04.16] [language-selector-common:arm64 gnome-shell-extension-appindicator:arm64 ubuntu-session:arm64 ubiquity-frontend-gtk:arm64 ]
Purg totem-plugins [43.0-2ubuntu4] [language-selector-common:arm64 gnome-shell-extension-appindicator:arm64 ubuntu-session:arm64 ubiquity-frontend-gtk:arm64 ]
Purg gir1.2-totem-1.0 [43.0-2ubuntu4] [language-selector-common:arm64 gnome-shell-extension-appindicator:arm64 ubuntu-session:arm64 ubiquity-frontend-gtk:arm64 ]
Purg oem-config-gtk [24.04.5] [language-selector-common:arm64 oem-config:arm64 gnome-shell-extension-appindicator:arm64 ubuntu-session:arm64 ubiquity-frontend-gtk:arm64 ]
Purg oem-config [24.04.5] [language-selector-common:arm64 gnome-shell-extension-appindicator:arm64 ubuntu-session:arm64 ubiquity-frontend-gtk:arm64 ]
Purg ubiquity-frontend-gtk [24.04.5] [language-selector-common:arm64 gnome-shell-extension-appindicator:arm64 ubuntu-session:arm64 ]
Purg ubiquity [24.04.5] [language-selector-common:arm64 gnome-shell-extension-appindicator:arm64 ubuntu-session:arm64 ubiquity-frontend-debconf:arm64 ]
Purg ubiquity-frontend-debconf [24.04.5] [language-selector-common:arm64 gnome-shell-extension-appindicator:arm64 ubuntu-session:arm64 ]
Purg gir1.2-xkl-1.0 [5.4-5build2] [language-selector-common:arm64 gnome-shell-extension-appindicator:arm64 ubuntu-session:arm64 ]
Purg gkbd-capplet [3.28.1-1build3] [language-selector-common:arm64 gnome-shell-extension-appindicator:arm64 ubuntu-session:arm64 ]
Purg gnome-accessibility-themes [3.28-2ubuntu5] [language-selector-common:arm64 gnome-shell-extension-appindicator:arm64 ubuntu-session:arm64 ]
Purg gnome-bluetooth-sendto [46.0-1ubuntu1] [language-selector-common:arm64 gnome-shell-extension-appindicator:arm64 ubuntu-session:arm64 ]
Purg libgnome-bluetooth-3.0-13 [46.0-1ubuntu1] [language-selector-common:arm64 gnome-shell-extension-appindicator:arm64 ubuntu-session:arm64 ]
Purg gnome-bluetooth-3-common [46.0-1ubuntu1] [language-selector-common:arm64 gnome-shell-extension-appindicator:arm64 ubuntu-session:arm64 ]
Purg gnome-calculator [1:46.3-0ubuntu0.1] [language-selector-common:arm64 gnome-shell-extension-appindicator:arm64 ubuntu-session:arm64 ]
Purg gnome-calendar [46.1-0ubuntu2] [language-selector-common:arm64 gnome-shell-extension-appindicator:arm64 ubuntu-session:arm64 ]
Purg gnome-clocks [46.0-1build1] [language-selector-common:arm64 gnome-shell-extension-appindicator:arm64 ubuntu-session:arm64 ]
Purg ubuntu-settings [24.04.6] [language-selector-common:arm64 gnome-shell-extension-appindicator:arm64 ubuntu-session:arm64 ]
Purg gnome-initial-setup [46.3-1ubuntu3~24.04.2] [language-selector-common:arm64 gnome-shell-extension-appindicator:arm64 ubuntu-session:arm64 ]
Purg gnome-control-center-data [1:46.7-0ubuntu0.24.04.5] [language-selector-common:arm64 gnome-shell-extension-appindicator:arm64 ubuntu-session:arm64 ]
Purg gnome-control-center-faces [1:46.7-0ubuntu0.24.04.5] [language-selector-common:arm64 gnome-shell-extension-appindicator:arm64 ubuntu-session:arm64 ]
Purg ubuntu-session [46.0-1ubuntu4] [language-selector-common:arm64 gnome-shell-extension-appindicator:arm64 ]
Purg gnome-settings-daemon [46.0-1ubuntu1.24.04.1] [language-selector-common:arm64 gnome-shell-extension-appindicator:arm64 ]
Purg gnome-startup-applications [46.0-1ubuntu4] [language-selector-common:arm64 gnome-shell-extension-appindicator:arm64 ]
Purg gnome-session-bin [46.0-1ubuntu4] [language-selector-common:arm64 gnome-shell-extension-appindicator:arm64 ]
Purg libgnome-desktop-3-20t64 [44.0-5build2] [libtotem0:arm64 language-selector-common:arm64 gnome-shell-extension-appindicator:arm64 ]
Purg libgnome-rr-4-2t64 [44.0-5build2] [libtotem0:arm64 language-selector-common:arm64 gnome-shell-extension-appindicator:arm64 ]
Purg gnome-desktop3-data [44.0-5build2] [libgnome-desktop-4-2t64:arm64 libtotem0:arm64 language-selector-common:arm64 gnome-shell-extension-appindicator:arm64 ]
Purg gnome-disk-utility [46.0-1ubuntu3] [libgnome-desktop-4-2t64:arm64 libtotem0:arm64 language-selector-common:arm64 gnome-shell-extension-appindicator:arm64 ]
Purg gnome-font-viewer [46.0-1build1] [libgnome-desktop-4-2t64:arm64 libtotem0:arm64 language-selector-common:arm64 gnome-shell-extension-appindicator:arm64 ]
Purg seahorse [43.0-3build2] [libgnome-desktop-4-2t64:arm64 libtotem0:arm64 language-selector-common:arm64 gnome-shell-extension-appindicator:arm64 ]
Purg gnome-keyring [46.1-2ubuntu0.2] [libgnome-desktop-4-2t64:arm64 libtotem0:arm64 language-selector-common:arm64 gnome-shell-extension-appindicator:arm64 ]
Purg gnome-logs [45.0-1build1] [libgnome-desktop-4-2t64:arm64 libtotem0:arm64 language-selector-common:arm64 gnome-shell-extension-appindicator:arm64 ]
Purg gnome-menus [3.36.0-1.1ubuntu3] [libgnome-desktop-4-2t64:arm64 libtotem0:arm64 language-selector-common:arm64 gnome-shell-extension-appindicator:arm64 ]
Purg gnome-online-accounts [3.50.4-0ubuntu2] [libgnome-desktop-4-2t64:arm64 libtotem0:arm64 language-selector-common:arm64 gnome-shell-extension-appindicator:arm64 ]
Purg gnome-power-manager [43.0-2build2] [libgnome-desktop-4-2t64:arm64 libtotem0:arm64 language-selector-common:arm64 gnome-shell-extension-appindicator:arm64 ]
Purg gnome-remote-desktop [46.3-0ubuntu1.2] [libgnome-desktop-4-2t64:arm64 libtotem0:arm64 language-selector-common:arm64 gnome-shell-extension-appindicator:arm64 ]
Purg gnome-screenshot [41.0-2build2] [libgnome-desktop-4-2t64:arm64 libtotem0:arm64 language-selector-common:arm64 gnome-shell-extension-appindicator:arm64 ]
Purg gnome-session-canberra [0.30-10ubuntu10] [libgnome-desktop-4-2t64:arm64 libtotem0:arm64 language-selector-common:arm64 gnome-shell-extension-appindicator:arm64 ]
Purg gnome-session-common [46.0-1ubuntu4] [libgnome-desktop-4-2t64:arm64 libtotem0:arm64 language-selector-common:arm64 gnome-shell-extension-appindicator:arm64 ]
Purg gnome-settings-daemon-common [46.0-1ubuntu1.24.04.1] [libgnome-desktop-4-2t64:arm64 libtotem0:arm64 language-selector-common:arm64 gnome-shell-extension-appindicator:arm64 ]
Purg gnome-shell-common [46.0-0ubuntu6~24.04.14] [libgnome-desktop-4-2t64:arm64 libtotem0:arm64 language-selector-common:arm64 gnome-shell-extension-appindicator:arm64 ]
Purg gnome-shell-extension-appindicator [58-1ubuntu24.04.1] [libgnome-desktop-4-2t64:arm64 libtotem0:arm64 language-selector-common:arm64 ]
Purg gnome-snapshot [46.2-1ubuntu2] [libgnome-desktop-4-2t64:arm64 libtotem0:arm64 language-selector-common:arm64 ]
Purg gnome-software-plugin-snap [46.0-1ubuntu2] [libgnome-desktop-4-2t64:arm64 libtotem0:arm64 language-selector-common:arm64 ]
Purg gnome-software [46.0-1ubuntu2] [libgnome-desktop-4-2t64:arm64 libtotem0:arm64 language-selector-common:arm64 ]
Purg gnome-software-common [46.0-1ubuntu2] [libgnome-desktop-4-2t64:arm64 libtotem0:arm64 language-selector-common:arm64 ]
Purg gnome-system-monitor [46.0-1build1] [libgnome-desktop-4-2t64:arm64 libtotem0:arm64 language-selector-common:arm64 ]
Purg nautilus-extension-gnome-terminal [3.52.0-1ubuntu2] [libgnome-desktop-4-2t64:arm64 libtotem0:arm64 language-selector-common:arm64 ]
Purg xorg [1:7.7+23ubuntu3] [libgnome-desktop-4-2t64:arm64 libtotem0:arm64 language-selector-common:arm64 ]
Purg gnome-terminal [3.52.0-1ubuntu2] [libgnome-desktop-4-2t64:arm64 libtotem0:arm64 language-selector-common:arm64 ]
Purg gnome-terminal-data [3.52.0-1ubuntu2] [libgnome-desktop-4-2t64:arm64 libtotem0:arm64 language-selector-common:arm64 ]
Purg gnome-text-editor [46.3-0ubuntu2] [libgnome-desktop-4-2t64:arm64 libtotem0:arm64 language-selector-common:arm64 ]
Purg yaru-theme-gtk [24.04.2-0ubuntu1] [libgnome-desktop-4-2t64:arm64 libtotem0:arm64 language-selector-common:arm64 ]
Purg gnome-themes-extra [3.28-2ubuntu5] [libgnome-desktop-4-2t64:arm64 libtotem0:arm64 language-selector-common:arm64 ]
Purg gnome-themes-extra-data [3.28-2ubuntu5] [libgnome-desktop-4-2t64:arm64 libtotem0:arm64 language-selector-common:arm64 ]
Purg gnome-user-docs [46.0-1ubuntu1] [libgnome-desktop-4-2t64:arm64 libtotem0:arm64 language-selector-common:arm64 ]
Purg language-selector-gnome [0.225] [libgnome-desktop-4-2t64:arm64 libtotem0:arm64 language-selector-common:arm64 ]
Purg language-selector-common [0.225] [libgnome-desktop-4-2t64:arm64 libtotem0:arm64 ]
Purg nautilus [1:46.4-0ubuntu0.2] [libgnome-desktop-4-2t64:arm64 libtotem0:arm64 ]
Purg xdg-desktop-portal-gnome [46.2-0ubuntu1] [libgnome-desktop-4-2t64:arm64 libtotem0:arm64 ]
Purg libgnome-bg-4-2t64 [44.0-5build2] [libgnome-desktop-4-2t64:arm64 libtotem0:arm64 ]
Purg libmutter-14-0 [46.2-1ubuntu0.24.04.16] [libgnome-desktop-4-2t64:arm64 libtotem0:arm64 ]
Purg libgnome-desktop-4-2t64 [44.0-5build2] [libtotem0:arm64 ]
Purg libgnomekbd8 [3.28.1-1build3] [libtotem0:arm64 ]
Purg libreoffice-calc [4:24.2.7-0ubuntu0.24.04.6] [libtotem0:arm64 ]
Purg libreoffice-writer [4:24.2.7-0ubuntu0.24.04.6] [libtotem0:arm64 ]
Purg libreoffice-base-core [4:24.2.7-0ubuntu0.24.04.6] [libtotem0:arm64 ]
Purg python3-uno [4:24.2.7-0ubuntu0.24.04.6] [libtotem0:arm64 ]
Purg libreoffice-math [4:24.2.7-0ubuntu0.24.04.6] [libtotem0:arm64 ]
Purg libreoffice-core [4:24.2.7-0ubuntu0.24.04.6] [libreoffice-gnome:arm64 libreoffice-draw:arm64 libreoffice-impress:arm64 libtotem0:arm64 libreoffice-gtk3:arm64 ]
Purg libreoffice-impress [4:24.2.7-0ubuntu0.24.04.6] [libreoffice-gnome:arm64 libreoffice-draw:arm64 libtotem0:arm64 libreoffice-gtk3:arm64 ]
Purg libreoffice-common [4:24.2.7-0ubuntu0.24.04.6] [libreoffice-gnome:arm64 libreoffice-draw:arm64 libtotem0:arm64 libreoffice-gtk3:arm64 ]
Purg libreoffice-draw [4:24.2.7-0ubuntu0.24.04.6] [libreoffice-gnome:arm64 libtotem0:arm64 libreoffice-gtk3:arm64 ]
Purg libreoffice-gnome [4:24.2.7-0ubuntu0.24.04.6] [libtotem0:arm64 libreoffice-gtk3:arm64 ]
Purg libreoffice-gtk3 [4:24.2.7-0ubuntu0.24.04.6] [libtotem0:arm64 ]
Purg libreoffice-style-elementary [4:24.2.7-0ubuntu0.24.04.6] [libtotem0:arm64 ]
Purg libreoffice-style-colibre [4:24.2.7-0ubuntu0.24.04.6] [libtotem0:arm64 ]
Purg libreoffice-style-yaru [4:24.2.7-0ubuntu0.24.04.6] [libtotem0:arm64 ]
Purg libreoffice-uiconfig-calc [4:24.2.7-0ubuntu0.24.04.6] [libtotem0:arm64 ]
Purg libreoffice-uiconfig-common [4:24.2.7-0ubuntu0.24.04.6] [libtotem0:arm64 ]
Purg libreoffice-uiconfig-draw [4:24.2.7-0ubuntu0.24.04.6] [libtotem0:arm64 ]
Purg libreoffice-uiconfig-impress [4:24.2.7-0ubuntu0.24.04.6] [libtotem0:arm64 ]
Purg libreoffice-uiconfig-math [4:24.2.7-0ubuntu0.24.04.6] [libtotem0:arm64 ]
Purg libreoffice-uiconfig-writer [4:24.2.7-0ubuntu0.24.04.6] [libtotem0:arm64 ]
Purg totem [43.0-2ubuntu4] [libtotem0:arm64 ]
Purg libtotem0 [43.0-2ubuntu4]
Purg libxklavier16 [5.4-5build2]
Purg power-profiles-daemon [0.21-1ubuntu1]
Purg thunderbird [2:1snap1-0ubuntu3]
Purg snapd [2.76+ubuntu24.04.1]
Purg software-properties-gtk [0.99.49.4]
Purg switcheroo-control [2.6-2build2]
Purg ubuntu-advantage-desktop-daemon [1.11ubuntu0.1]
Purg x11-apps [7.7+11build3]
Purg x11-session-utils [7.7+6build2]
Purg x11-utils [7.7+6build2]
Purg xserver-xephyr [2:21.1.12-1ubuntu1.6]
Purg xwayland [2:23.2.6-1ubuntu0.8]
Purg xserver-common [2:21.1.12-1ubuntu1.6] [xserver-xorg-core:arm64 xserver-xorg-legacy:arm64 ]
Purg xserver-xorg [1:7.7+23ubuntu3] [xserver-xorg-core:arm64 xserver-xorg-legacy:arm64 ]
Purg x11-xkb-utils [7.7+8build2] [xserver-xorg-core:arm64 xserver-xorg-legacy:arm64 ]
Purg x11-xserver-utils [7.7+10build2] [xserver-xorg-core:arm64 xserver-xorg-legacy:arm64 ]
Purg xserver-xorg-video-all [1:7.7+23ubuntu3] [xserver-xorg-core:arm64 xserver-xorg-legacy:arm64 ]
Purg xserver-xorg-video-vesa [1:2.6.0-1ubuntu0.1] [xserver-xorg-core:arm64 xserver-xorg-legacy:arm64 ]
Purg xserver-xorg-video-amdgpu [23.0.0-1ubuntu0.24.04.1] [xserver-xorg-core:arm64 xserver-xorg-legacy:arm64 ]
Purg xserver-xorg-input-all [1:7.7+23ubuntu3] [xserver-xorg-core:arm64 xserver-xorg-legacy:arm64 ]
Purg xserver-xorg-input-libinput [1.4.0-1ubuntu24.04.1] [xserver-xorg-core:arm64 xserver-xorg-legacy:arm64 ]
Purg xserver-xorg-video-nouveau [1:1.0.17-2ubuntu0.1] [xserver-xorg-core:arm64 xserver-xorg-legacy:arm64 ]
Purg xserver-xorg-video-ati [1:22.0.0-1build1] [xserver-xorg-core:arm64 xserver-xorg-legacy:arm64 ]
Purg xserver-xorg-video-radeon [1:22.0.0-1build1] [xserver-xorg-core:arm64 xserver-xorg-legacy:arm64 ]
Purg xserver-xorg-input-wacom [1:1.2.0-1ubuntu2] [xserver-xorg-core:arm64 xserver-xorg-legacy:arm64 ]
Purg xserver-xorg-core [2:21.1.12-1ubuntu1.6] [xserver-xorg-legacy:arm64 xserver-xorg-video-fbdev:arm64 ]
Purg xserver-xorg-legacy [2:21.1.12-1ubuntu1.6] [xserver-xorg-video-fbdev:arm64 ]
Purg xserver-xorg-video-fbdev [1:0.5.0-2build2]
Conf policykit-1-gnome (0.105-7ubuntu5 Ubuntu:24.04/noble [arm64])
